// Jest Snapshot v1, https://goo.gl/fbAQLP

exports[`P2PScreen should match snapshot 1`] = `
<RCTSafeAreaView
  style={
    {
      "backgroundColor": "#F5F5F5",
      "flex": 1,
    }
  }
>
  <View
    style={
      {
        "alignItems": "flex-start",
        "flexDirection": "row",
        "justifyContent": "space-between",
        "padding": 16,
        "paddingBottom": 12,
      }
    }
  >
    <View>
      <Text
        style={
          {
            "color": "#000",
            "fontSize": 28,
            "fontWeight": "700",
            "marginBottom": 4,
          }
        }
      >
        P2P Trading
      </Text>
      <Text
        style={
          {
            "color": "#666",
            "fontSize": 14,
          }
        }
      >
        Buy and sell crypto with local currency
      </Text>
    </View>
    <View
      accessibilityState={
        {
          "busy": undefined,
          "checked": undefined,
          "disabled": undefined,
          "expanded": undefined,
          "selected": undefined,
        }
      }
      accessibilityValue={
        {
          "max": undefined,
          "min": undefined,
          "now": undefined,
          "text": undefined,
        }
      }
      accessible={true}
      collapsable={false}
      focusable={true}
      onClick={[Function]}
      onResponderGrant={[Function]}
      onResponderMove={[Function]}
      onResponderRelease={[Function]}
      onResponderTerminate={[Function]}
      onResponderTerminationRequest={[Function]}
      onStartShouldSetResponder={[Function]}
      style={
        {
          "backgroundColor": "#00A94F",
          "borderRadius": 8,
          "opacity": 1,
          "paddingHorizontal": 16,
          "paddingVertical": 10,
        }
      }
    >
      <Text
        style={
          {
            "color": "#FFFFFF",
            "fontSize": 14,
            "fontWeight": "600",
          }
        }
      >
        + Post Ad
      </Text>
    </View>
  </View>
  <View
    style={
      {
        "borderBottomColor": "#E0E0E0",
        "borderBottomWidth": 1,
        "flexDirection": "row",
        "marginBottom": 16,
        "paddingHorizontal": 16,
      }
    }
  >
    <View
      accessibilityState={
        {
          "busy": undefined,
          "checked": undefined,
          "disabled": undefined,
          "expanded": undefined,
          "selected": undefined,
        }
      }
      accessibilityValue={
        {
          "max": undefined,
          "min": undefined,
          "now": undefined,
          "text": undefined,
        }
      }
      accessible={true}
      collapsable={false}
      focusable={true}
      onClick={[Function]}
      onResponderGrant={[Function]}
      onResponderMove={[Function]}
      onResponderRelease={[Function]}
      onResponderTerminate={[Function]}
      onResponderTerminationRequest={[Function]}
      onStartShouldSetResponder={[Function]}
      style={
        {
          "alignItems": "center",
          "borderBottomColor": "#00A94F",
          "borderBottomWidth": 2,
          "flex": 1,
          "opacity": 1,
          "paddingVertical": 12,
        }
      }
    >
      <Text
        style={
          [
            {
              "color": "#666",
              "fontSize": 16,
              "fontWeight": "600",
            },
            {
              "color": "#00A94F",
            },
          ]
        }
      >
        Buy
      </Text>
    </View>
    <View
      accessibilityState={
        {
          "busy": undefined,
          "checked": undefined,
          "disabled": undefined,
          "expanded": undefined,
          "selected": undefined,
        }
      }
      accessibilityValue={
        {
          "max": undefined,
          "min": undefined,
          "now": undefined,
          "text": undefined,
        }
      }
      accessible={true}
      collapsable={false}
      focusable={true}
      onClick={[Function]}
      onResponderGrant={[Function]}
      onResponderMove={[Function]}
      onResponderRelease={[Function]}
      onResponderTerminate={[Function]}
      onResponderTerminationRequest={[Function]}
      onStartShouldSetResponder={[Function]}
      style={
        {
          "alignItems": "center",
          "borderBottomColor": "transparent",
          "borderBottomWidth": 2,
          "flex": 1,
          "opacity": 1,
          "paddingVertical": 12,
        }
      }
    >
      <Text
        style={
          [
            {
              "color": "#666",
              "fontSize": 16,
              "fontWeight": "600",
            },
            false,
          ]
        }
      >
        Sell
      </Text>
    </View>
    <View
      accessibilityState={
        {
          "busy": undefined,
          "checked": undefined,
          "disabled": undefined,
          "expanded": undefined,
          "selected": undefined,
        }
      }
      accessibilityValue={
        {
          "max": undefined,
          "min": undefined,
          "now": undefined,
          "text": undefined,
        }
      }
      accessible={true}
      collapsable={false}
      focusable={true}
      onClick={[Function]}
      onResponderGrant={[Function]}
      onResponderMove={[Function]}
      onResponderRelease={[Function]}
      onResponderTerminate={[Function]}
      onResponderTerminationRequest={[Function]}
      onStartShouldSetResponder={[Function]}
      style={
        {
          "alignItems": "center",
          "borderBottomColor": "transparent",
          "borderBottomWidth": 2,
          "flex": 1,
          "opacity": 1,
          "paddingVertical": 12,
        }
      }
    >
      <Text
        style={
          [
            {
              "color": "#666",
              "fontSize": 16,
              "fontWeight": "600",
            },
            false,
          ]
        }
      >
        My Offers
      </Text>
    </View>
  </View>
  <View
    style={
      {
        "alignItems": "center",
        "flex": 1,
        "justifyContent": "center",
      }
    }
  >
    <ActivityIndicator
      color="#00A94F"
      size="large"
    />
    <Text
      style={
        {
          "color": "#666",
          "fontSize": 14,
          "marginTop": 12,
        }
      }
    >
      Loading offers...
    </Text>
  </View>
</RCTSafeAreaView>
`;
