// Jest Snapshot v1, https://goo.gl/fbAQLP

exports[`ProfileScreen should match snapshot 1`] = `
<RCTSafeAreaView
  style={
    [
      {
        "backgroundColor": "#F5F5F5",
        "flex": 1,
      },
      {
        "backgroundColor": "#F5F5F5",
      },
    ]
  }
  testID="profile-loading-container"
>
  <View
    style={
      {
        "alignItems": "center",
        "flex": 1,
        "justifyContent": "center",
      }
    }
  >
    <ActivityIndicator
      color="#00A94F"
      size="large"
      testID="profile-loading-indicator"
    />
  </View>
</RCTSafeAreaView>
`;
